// Jest Snapshot v1, https://goo.gl/fbAQLP

exports[`Pruebas al componente GifGridItem Mostrar el componente correctamente 1`] = `
<div
  className="card animate__animated animate__fadeIn"
>
  <img
    alt="Title"
    src="https://ptm.com/image.png"
  />
  <p>
    Title
  </p>
</div>
`;
